
Magic 8.3 revision 681 - Compiled on Tue Aug 25 11:50:23 AM CEST 2026.
Starting magic under Tcl interpreter
Using the terminal as the console.
WARNING: RLIMIT_NOFILE is above 1024 and Tcl_Version<9 this may cause runtime issues [rlim_cur=1048576]
Using NULL graphics device.
Processing system .magicrc file
Switching to WIRING tool.
Switching to NETLIST tool.
Switching to PICK tool.
Switching to BOX tool.
Sourcing design .magicrc for technology ihp-sg13cmos5l ...
2 Magic internal units = 1 Lambda
Input style sg13cmos5l(): scaleFactor=2, multiplier=2
The following types are not handled by extraction and will be treated as non-electrical types:
    pblock pbase sealcont difffill sealvia1 sealvia2 sealvia3 sealvia4 seal glass thruvia inductor 
Scaled tech values by 2 / 1 to match internal grid scaling
Loading ihp-sg13cmos5l Device Generator Menu ...
Loading "/foss/designs/heichip/opamp_rtr/netlist/pex/pex_opamp_rtr.tcl" from command line.
Warning: Calma reading is not undoable!  I hope that's OK.
Library written using GDS-II Release 6.0
Library name: LIB
Reading "$$$CONTEXT_INFO$$$".
Reading "via_stack$17".
Reading "via_stack$16".
Reading "via_stack$8".
Reading "pmosHV$3".
Reading "guard_ring".
Reading "ptap1".
Moving label "sub!" from space to ptapdiff in cell ptap1.
Reading "nmosHV$5".
Reading "nmosHV".
Reading "pmosHV".
Reading "nmosHV$2".
Reading "via_stack".
Reading "via_stack$2".
Reading "via_stack$5".
Reading "pmosHV$1".
Reading "via_stack$3".
Reading "ntap1".
Reading "via_stack$9".
Reading "via_stack$10".
Reading "via_stack$11".
Reading "via_stack$6".
Reading "guard_ring$1".
Reading "via_stack$31".
Reading "via_stack$20".
Reading "cap_cmomf$1".
Error while reading cell "cap_cmomf$1" (byte position 124562): Unknown layer/datatype in boundary, layer=99 type=40
Reading "cap_cmomf".
Error while reading cell "cap_cmomf" (byte position 166482): Unknown layer/datatype in boundary, layer=99 type=40
Reading "rhigh$2".
Reading "rhigh".
Reading "via_stack$30".
Reading "ntap1$5".
Reading "pmosHV$9".
Reading "guard_ring$3".
Reading "nmosHV$17".
Reading "ntap1$3".
Reading "nmosHV$16".
Reading "pmosHV$11".
Reading "nmosHV$10".
Reading "nmosHV$8".
Reading "via_stack$15".
Reading "pmosHV$8".
Reading "pmosHV$7".
Reading "via_stack$12".
Reading "pmosHV$6".
Reading "via_stack$13".
Reading "nmosHV$13".
Reading "via_stack$19".
Reading "via_stack$21".
Reading "pmosHV$15".
Reading "via_stack$22".
Reading "via_stack$25".
Reading "via_stack$26".
Reading "via_stack$27".
Reading "via_stack$29".
Reading "via_stack$28".
Reading "via_stack$32".
Reading "via_stack$33".
Reading "via_stack$36".
Reading "via_stack$37".
Reading "via_stack$38".
Reading "via_stack$41".
Reading "via_stack$40".
Reading "via_stack$42".
Reading "via_stack$43".
Reading "via_stack$44".
Reading "via_stack$45".
Reading "via_stack$46".
Reading "via_stack$49".
Reading "via_stack$47".
Reading "NMOS_MIRROR_4u".
Reading "PMOS_MIRROR_4u".
Reading "NMOS_DIFF_PAIR".
Error while reading cell "NMOS_DIFF_PAIR" (byte position 411226): Warning: cell "via_stack" placed on top of itself.  Ignoring the extra one.
Error while reading cell "NMOS_DIFF_PAIR" (byte position 411660): Warning: cell "via_stack" placed on top of itself.  Ignoring the extra one.
Error while reading cell "NMOS_DIFF_PAIR" (byte position 411728): Warning: cell "via_stack" placed on top of itself.  Ignoring the extra one.
Error while reading cell "NMOS_DIFF_PAIR" (byte position 411762): Warning: cell "via_stack" placed on top of itself.  Ignoring the extra one.
Error while reading cell "NMOS_DIFF_PAIR" (byte position 411796): Warning: cell "via_stack" placed on top of itself.  Ignoring the extra one.
Reading "PMOS_DIFF_PAIR".
Reading "opamp_rtr".
Error while reading cell "opamp_rtr" (byte position 417390): Warning: cell "nmosHV$10" placed on top of itself.  Ignoring the extra one.
Error while reading cell "opamp_rtr" (byte position 417426): Warning: cell "via_stack$9" placed on top of itself.  Ignoring the extra one.
Error while reading cell "opamp_rtr" (byte position 417614): Warning: cell "guard_ring$3" placed on top of itself.  Ignoring the extra one.
Error while reading cell "opamp_rtr" (byte position 418384): Warning: cell "via_stack$9" placed on top of itself.  Ignoring the extra one.
Error while reading cell "opamp_rtr" (byte position 418492): Warning: cell "via_stack$2" placed on top of itself.  Ignoring the extra one.
Error while reading cell "opamp_rtr" (byte position 418600): Warning: cell "via_stack$2" placed on top of itself.  Ignoring the extra one.
Error while reading cell "opamp_rtr" (byte position 418634): Warning: cell "nmosHV$16" placed on top of itself.  Ignoring the extra one.
Error while reading cell "opamp_rtr" (byte position 420056): Warning: cell "via_stack$9" placed on top of itself.  Ignoring the extra one.
Error while reading cell "opamp_rtr" (byte position 420268): Warning: cell "nmosHV$8" placed on top of itself.  Ignoring the extra one.
Error while reading cell "opamp_rtr" (byte position 420304): Warning: cell "via_stack$9" placed on top of itself.  Ignoring the extra one.
Error while reading cell "opamp_rtr" (byte position 420620): Warning: cell "nmosHV$10" placed on top of itself.  Ignoring the extra one.
Error while reading cell "opamp_rtr" (byte position 420836): Warning: cell "via_stack$9" placed on top of itself.  Ignoring the extra one.
Error while reading cell "opamp_rtr" (byte position 420908): Warning: cell "via_stack$9" placed on top of itself.  Ignoring the extra one.
Error while reading cell "opamp_rtr" (byte position 420980): Warning: cell "via_stack$8" placed on top of itself.  Ignoring the extra one.
Error while reading cell "opamp_rtr" (byte position 421268): Warning: cell "via_stack$9" placed on top of itself.  Ignoring the extra one.
Error while reading cell "opamp_rtr" (byte position 421300): Warning: cell "nmosHV$8" placed on top of itself.  Ignoring the extra one.
Error while reading cell "opamp_rtr" (byte position 421336): Warning: cell "via_stack$9" placed on top of itself.  Ignoring the extra one.
Error while reading cell "opamp_rtr" (byte position 421372): Warning: cell "via_stack$8" placed on top of itself.  Ignoring the extra one.
Error while reading cell "opamp_rtr" (byte position 421408): Warning: cell "via_stack$9" placed on top of itself.  Ignoring the extra one.
Error while reading cell "opamp_rtr" (byte position 421444): Warning: cell "via_stack$9" placed on top of itself.  Ignoring the extra one.
Error while reading cell "opamp_rtr" (byte position 421624): Warning: cell "via_stack$9" placed on top of itself.  Ignoring the extra one.
Error while reading cell "opamp_rtr" (byte position 421660): Warning: cell "via_stack$9" placed on top of itself.  Ignoring the extra one.
Extracting opamp_rtr_pex into /foss/designs/heichip/opamp_rtr/netlist/pex/opamp_rtr_pex.ext:
Processing opamp_rtr_pex
opamp_rtr_pex: 41 warnings
Processing cell opamp_rtr_pex for resistance extraction.
Extracting w_8388_2366#
Extracting a_1076_5541#
Extracting vss
Warning:  Orphaned node "vss" arbitrarily attached to "vss.t42"
Extracting vdd
Extracting out
Total Nets: 38
Nets extracted: 5 (0.131579)
Nets output: 2 (0.052632)
Total of 41 warnings.
exttospice finished.
