# Logfile created on 2026-08-31 17:35:23 +0200 by logger.rb/v1.5.3
2026-08-31 17:35:23 +0200: Memory Usage (457048K) : Starting running IHP-SG13CMOS5L KLayout DRC runset on /foss/designs/heichip/opamp_rtr/gds/opamp_rtr_parts.gds
2026-08-31 17:35:23 +0200: Memory Usage (457048K) : Ruby Version for klayout: 3.2.3
2026-08-31 17:35:23 +0200: Memory Usage (457048K) : Loading database to memory is complete.
2026-08-31 17:35:23 +0200: Memory Usage (457048K) : IHP-SG13CMOS5L KLayout DRC runset output at: /foss/designs/heichip/opamp_rtr/gds/drc_run_TOP/opamp_rtr_parts_TOP_main.lyrdb
2026-08-31 17:35:23 +0200: Memory Usage (457048K) : Evaluate switches.
2026-08-31 17:35:23 +0200: Memory Usage (457048K) : tables selected: main
2026-08-31 17:35:23 +0200: Memory Usage (457048K) : KLayout will use 1 thread(s) in tiled mode.
2026-08-31 17:35:23 +0200: Memory Usage (457048K) : deep mode is enabled.
2026-08-31 17:35:23 +0200: Memory Usage (457048K) : FEOL enabled: true
2026-08-31 17:35:23 +0200: Memory Usage (457048K) : BEOL enabled: true
2026-08-31 17:35:23 +0200: Memory Usage (457048K) : OFFGRID enabled: true
2026-08-31 17:35:23 +0200: Memory Usage (457048K) : ANGLE enabled: true
2026-08-31 17:35:23 +0200: Memory Usage (457048K) : PIN enabled: true
2026-08-31 17:35:23 +0200: Memory Usage (457048K) : FORBIDDEN enabled: true
2026-08-31 17:35:23 +0200: Memory Usage (457048K) : RECOMMENDED enabled: true
2026-08-31 17:35:23 +0200: Memory Usage (457048K) : PreCheck DRC enabled: false
2026-08-31 17:35:23 +0200: Memory Usage (457048K) : CONNECTIVITY_RULES enabled: true.
2026-08-31 17:35:23 +0200: Memory Usage (457048K) : Read in polygons from layers.
2026-08-31 17:35:23 +0200: Memory Usage (459300K) : activ_drw has 322 polygons
2026-08-31 17:35:23 +0200: Memory Usage (459300K) : activ_pin has 0 polygons
2026-08-31 17:35:23 +0200: Memory Usage (459300K) : activ_mask has 0 polygons
2026-08-31 17:35:23 +0200: Memory Usage (459300K) : activ_filler has 0 polygons
2026-08-31 17:35:23 +0200: Memory Usage (459984K) : activ_nofill has 0 polygons
2026-08-31 17:35:23 +0200: Memory Usage (459984K) : activ_opc has 0 polygons
2026-08-31 17:35:23 +0200: Memory Usage (459984K) : activ_iopc has 0 polygons
2026-08-31 17:35:23 +0200: Memory Usage (459984K) : activ_noqrc has 0 polygons
2026-08-31 17:35:23 +0200: Memory Usage (459984K) : biwind_drw has 0 polygons
2026-08-31 17:35:23 +0200: Memory Usage (459984K) : biwind_opc has 0 polygons
2026-08-31 17:35:23 +0200: Memory Usage (459984K) : pemwind_drw has 0 polygons
2026-08-31 17:35:23 +0200: Memory Usage (459984K) : gatpoly_drw has 462 polygons
2026-08-31 17:35:23 +0200: Memory Usage (459984K) : gatpoly_pin has 65 polygons
2026-08-31 17:35:23 +0200: Memory Usage (459984K) : gatpoly_filler has 0 polygons
2026-08-31 17:35:23 +0200: Memory Usage (459984K) : gatpoly_nofill has 0 polygons
2026-08-31 17:35:23 +0200: Memory Usage (459984K) : gatpoly_opc has 0 polygons
2026-08-31 17:35:23 +0200: Memory Usage (459984K) : gatpoly_iopc has 0 polygons
2026-08-31 17:35:23 +0200: Memory Usage (460304K) : gatpoly_noqrc has 0 polygons
2026-08-31 17:35:23 +0200: Memory Usage (460304K) : cont_drw has 5398 polygons
2026-08-31 17:35:23 +0200: Memory Usage (460304K) : cont_opc has 0 polygons
2026-08-31 17:35:23 +0200: Memory Usage (460304K) : nsd_drw has 0 polygons
2026-08-31 17:35:23 +0200: Memory Usage (460304K) : nsd_block has 0 polygons
2026-08-31 17:35:23 +0200: Memory Usage (460304K) : metal1_drw has 736 polygons
2026-08-31 17:35:23 +0200: Memory Usage (460740K) : metal1_pin has 184 polygons
2026-08-31 17:35:23 +0200: Memory Usage (460740K) : metal1_mask has 0 polygons
2026-08-31 17:35:23 +0200: Memory Usage (460740K) : metal1_filler has 0 polygons
2026-08-31 17:35:23 +0200: Memory Usage (460740K) : metal1_nofill has 0 polygons
2026-08-31 17:35:23 +0200: Memory Usage (461004K) : metal1_slit has 0 polygons
2026-08-31 17:35:23 +0200: Memory Usage (461004K) : metal1_text has 0 polygons
2026-08-31 17:35:23 +0200: Memory Usage (461004K) : metal1_opc has 0 polygons
2026-08-31 17:35:23 +0200: Memory Usage (461332K) : metal1_noqrc has 0 polygons
2026-08-31 17:35:23 +0200: Memory Usage (461332K) : metal1_res has 0 polygons
2026-08-31 17:35:23 +0200: Memory Usage (461332K) : metal1_iprobe has 0 polygons
2026-08-31 17:35:23 +0200: Memory Usage (461332K) : metal1_diffprb has 0 polygons
2026-08-31 17:35:23 +0200: Memory Usage (461592K) : passiv_drw has 0 polygons
2026-08-31 17:35:23 +0200: Memory Usage (461592K) : passiv_pin has 0 polygons
2026-08-31 17:35:23 +0200: Memory Usage (461592K) : passiv_sbump has 0 polygons
2026-08-31 17:35:23 +0200: Memory Usage (461592K) : passiv_pillar has 0 polygons
2026-08-31 17:35:23 +0200: Memory Usage (461592K) : passiv_pdl has 0 polygons
2026-08-31 17:35:23 +0200: Memory Usage (461856K) : metal2_drw has 233 polygons
2026-08-31 17:35:23 +0200: Memory Usage (461856K) : metal2_pin has 0 polygons
2026-08-31 17:35:23 +0200: Memory Usage (461856K) : metal2_mask has 0 polygons
2026-08-31 17:35:23 +0200: Memory Usage (461856K) : metal2_filler has 0 polygons
2026-08-31 17:35:23 +0200: Memory Usage (462120K) : metal2_nofill has 0 polygons
2026-08-31 17:35:23 +0200: Memory Usage (462120K) : metal2_slit has 0 polygons
2026-08-31 17:35:23 +0200: Memory Usage (462120K) : metal2_text has 0 polygons
2026-08-31 17:35:23 +0200: Memory Usage (462120K) : metal2_opc has 0 polygons
2026-08-31 17:35:23 +0200: Memory Usage (462120K) : metal2_noqrc has 0 polygons
2026-08-31 17:35:23 +0200: Memory Usage (462384K) : metal2_res has 0 polygons
2026-08-31 17:35:23 +0200: Memory Usage (462464K) : metal2_iprobe has 0 polygons
2026-08-31 17:35:23 +0200: Memory Usage (462464K) : metal2_diffprb has 0 polygons
2026-08-31 17:35:23 +0200: Memory Usage (462464K) : baspoly_drw has 0 polygons
2026-08-31 17:35:23 +0200: Memory Usage (462464K) : baspoly_pin has 0 polygons
2026-08-31 17:35:23 +0200: Memory Usage (462724K) : psd_drw has 120 polygons
2026-08-31 17:35:23 +0200: Memory Usage (462724K) : nldb_drw has 0 polygons
2026-08-31 17:35:23 +0200: Memory Usage (462724K) : digibnd_drw has 0 polygons
2026-08-31 17:35:23 +0200: Memory Usage (462860K) : via1_drw has 716 polygons
2026-08-31 17:35:23 +0200: Memory Usage (462860K) : backmetal1_drw has 0 polygons
2026-08-31 17:35:23 +0200: Memory Usage (462860K) : backmetal1_pin has 0 polygons
2026-08-31 17:35:23 +0200: Memory Usage (463120K) : backmetal1_mask has 0 polygons
2026-08-31 17:35:23 +0200: Memory Usage (463120K) : backmetal1_filler has 0 polygons
2026-08-31 17:35:23 +0200: Memory Usage (463120K) : backmetal1_nofill has 0 polygons
2026-08-31 17:35:23 +0200: Memory Usage (463120K) : backmetal1_slit has 0 polygons
2026-08-31 17:35:23 +0200: Memory Usage (463120K) : backmetal1_text has 0 polygons
2026-08-31 17:35:23 +0200: Memory Usage (463384K) : backmetal1_opc has 0 polygons
2026-08-31 17:35:23 +0200: Memory Usage (463384K) : backmetal1_noqrc has 0 polygons
2026-08-31 17:35:23 +0200: Memory Usage (463384K) : backmetal1_res has 0 polygons
2026-08-31 17:35:23 +0200: Memory Usage (463384K) : backmetal1_iprobe has 0 polygons
2026-08-31 17:35:23 +0200: Memory Usage (463384K) : backmetal1_diffprb has 0 polygons
2026-08-31 17:35:23 +0200: Memory Usage (463648K) : backpassiv_drw has 0 polygons
2026-08-31 17:35:23 +0200: Memory Usage (463648K) : res_drw has 0 polygons
2026-08-31 17:35:23 +0200: Memory Usage (463648K) : sram_drw has 0 polygons
2026-08-31 17:35:23 +0200: Memory Usage (463816K) : trans_drw has 0 polygons
2026-08-31 17:35:23 +0200: Memory Usage (463816K) : ind_drw has 0 polygons
2026-08-31 17:35:23 +0200: Memory Usage (463816K) : ind_pin has 0 polygons
2026-08-31 17:35:23 +0200: Memory Usage (464076K) : ind_text has 0 polygons
2026-08-31 17:35:23 +0200: Memory Usage (464076K) : salblock_drw has 22 polygons
2026-08-31 17:35:23 +0200: Memory Usage (464076K) : via2_drw has 382 polygons
2026-08-31 17:35:23 +0200: Memory Usage (464076K) : metal3_drw has 115 polygons
2026-08-31 17:35:23 +0200: Memory Usage (464076K) : metal3_pin has 0 polygons
2026-08-31 17:35:23 +0200: Memory Usage (464340K) : metal3_mask has 0 polygons
2026-08-31 17:35:23 +0200: Memory Usage (464340K) : metal3_filler has 0 polygons
2026-08-31 17:35:23 +0200: Memory Usage (464440K) : metal3_nofill has 0 polygons
2026-08-31 17:35:23 +0200: Memory Usage (464440K) : metal3_slit has 0 polygons
2026-08-31 17:35:23 +0200: Memory Usage (464440K) : metal3_text has 0 polygons
2026-08-31 17:35:23 +0200: Memory Usage (464700K) : metal3_opc has 0 polygons
2026-08-31 17:35:23 +0200: Memory Usage (464700K) : metal3_noqrc has 0 polygons
2026-08-31 17:35:23 +0200: Memory Usage (464700K) : metal3_res has 0 polygons
2026-08-31 17:35:23 +0200: Memory Usage (464700K) : metal3_iprobe has 0 polygons
2026-08-31 17:35:23 +0200: Memory Usage (464700K) : metal3_diffprb has 0 polygons
2026-08-31 17:35:23 +0200: Memory Usage (464936K) : nwell_drw has 47 polygons
2026-08-31 17:35:23 +0200: Memory Usage (464936K) : nwell_pin has 4 polygons
2026-08-31 17:35:23 +0200: Memory Usage (464936K) : nbulay_drw has 0 polygons
2026-08-31 17:35:23 +0200: Memory Usage (465196K) : nbulay_pin has 0 polygons
2026-08-31 17:35:23 +0200: Memory Usage (465196K) : nbulay_block has 0 polygons
2026-08-31 17:35:23 +0200: Memory Usage (465196K) : emwind_drw has 0 polygons
2026-08-31 17:35:23 +0200: Memory Usage (465196K) : emwind_opc has 0 polygons
2026-08-31 17:35:23 +0200: Memory Usage (465196K) : deepco_drw has 0 polygons
2026-08-31 17:35:23 +0200: Memory Usage (465460K) : deepco_drw has 0 polygons
2026-08-31 17:35:23 +0200: Memory Usage (465460K) : mim_drw has 0 polygons
2026-08-31 17:35:23 +0200: Memory Usage (465460K) : edgeseal_drw has 0 polygons
2026-08-31 17:35:23 +0200: Memory Usage (465460K) : edgeseal_bound has 0 polygons
2026-08-31 17:35:23 +0200: Memory Usage (465460K) : substrate_drw has 16 polygons
2026-08-31 17:35:23 +0200: Memory Usage (465724K) : substrate_text has 0 polygons
2026-08-31 17:35:23 +0200: Memory Usage (465724K) : dfpad_drw has 0 polygons
2026-08-31 17:35:23 +0200: Memory Usage (465724K) : dfpad_pillar has 0 polygons
2026-08-31 17:35:23 +0200: Memory Usage (465724K) : dfpad_sbump has 0 polygons
2026-08-31 17:35:23 +0200: Memory Usage (466056K) : thickgateox_drw has 73 polygons
2026-08-31 17:35:23 +0200: Memory Usage (466056K) : pldb_drw has 0 polygons
2026-08-31 17:35:23 +0200: Memory Usage (466056K) : pwell_drw has 0 polygons
2026-08-31 17:35:23 +0200: Memory Usage (466056K) : pwell_pin has 0 polygons
2026-08-31 17:35:23 +0200: Memory Usage (466316K) : pwell_block has 0 polygons
2026-08-31 17:35:23 +0200: Memory Usage (466316K) : ic_drw has 0 polygons
2026-08-31 17:35:23 +0200: Memory Usage (466316K) : via3_drw has 312 polygons
2026-08-31 17:35:23 +0200: Memory Usage (466316K) : metal4_drw has 102 polygons
2026-08-31 17:35:23 +0200: Memory Usage (466316K) : metal4_pin has 4 polygons
2026-08-31 17:35:23 +0200: Memory Usage (466580K) : metal4_mask has 0 polygons
2026-08-31 17:35:23 +0200: Memory Usage (466580K) : metal4_filler has 0 polygons
2026-08-31 17:35:23 +0200: Memory Usage (466580K) : metal4_nofill has 0 polygons
2026-08-31 17:35:23 +0200: Memory Usage (466580K) : metal4_slit has 0 polygons
2026-08-31 17:35:23 +0200: Memory Usage (466580K) : metal4_text has 0 polygons
2026-08-31 17:35:23 +0200: Memory Usage (466844K) : metal4_opc has 0 polygons
2026-08-31 17:35:23 +0200: Memory Usage (466844K) : metal4_noqrc has 0 polygons
2026-08-31 17:35:23 +0200: Memory Usage (466844K) : metal4_res has 0 polygons
2026-08-31 17:35:23 +0200: Memory Usage (466844K) : metal4_iprobe has 0 polygons
2026-08-31 17:35:23 +0200: Memory Usage (467068K) : metal4_diffprb has 0 polygons
2026-08-31 17:35:23 +0200: Memory Usage (467068K) : heattrans_drw has 165 polygons
2026-08-31 17:35:23 +0200: Memory Usage (467068K) : heatres_drw has 22 polygons
2026-08-31 17:35:23 +0200: Memory Usage (467328K) : pempoly_drw has 0 polygons
2026-08-31 17:35:23 +0200: Memory Usage (467328K) : fbe_drw has 0 polygons
2026-08-31 17:35:23 +0200: Memory Usage (467328K) : empoly_drw has 0 polygons
2026-08-31 17:35:23 +0200: Memory Usage (467328K) : ldmos_drw has 0 polygons
2026-08-31 17:35:23 +0200: Memory Usage (467328K) : pbiwind_drw has 0 polygons
2026-08-31 17:35:23 +0200: Memory Usage (467632K) : digisub_drw has 0 polygons
2026-08-31 17:35:23 +0200: Memory Usage (467632K) : nodrc_drw has 0 polygons
2026-08-31 17:35:23 +0200: Memory Usage (467632K) : text_drw has 101 polygons
2026-08-31 17:35:23 +0200: Memory Usage (467632K) : via4_drw has 0 polygons
2026-08-31 17:35:23 +0200: Memory Usage (468012K) : metal5_drw has 0 polygons
2026-08-31 17:35:23 +0200: Memory Usage (468012K) : metal5_pin has 0 polygons
2026-08-31 17:35:23 +0200: Memory Usage (468012K) : metal5_mask has 0 polygons
2026-08-31 17:35:23 +0200: Memory Usage (468012K) : metal5_filler has 0 polygons
2026-08-31 17:35:23 +0200: Memory Usage (468012K) : metal5_nofill has 0 polygons
2026-08-31 17:35:23 +0200: Memory Usage (468276K) : metal5_slit has 0 polygons
2026-08-31 17:35:23 +0200: Memory Usage (468276K) : metal5_text has 0 polygons
2026-08-31 17:35:23 +0200: Memory Usage (468276K) : metal5_opc has 0 polygons
2026-08-31 17:35:23 +0200: Memory Usage (468276K) : metal5_noqrc has 0 polygons
2026-08-31 17:35:23 +0200: Memory Usage (468540K) : metal5_res has 0 polygons
2026-08-31 17:35:23 +0200: Memory Usage (468540K) : metal5_iprobe has 0 polygons
2026-08-31 17:35:23 +0200: Memory Usage (468540K) : metal5_diffprb has 0 polygons
2026-08-31 17:35:23 +0200: Memory Usage (468540K) : radhard_drw has 0 polygons
2026-08-31 17:35:23 +0200: Memory Usage (468540K) : memcap_drw has 0 polygons
2026-08-31 17:35:23 +0200: Memory Usage (468540K) : varicap_drw has 0 polygons
2026-08-31 17:35:23 +0200: Memory Usage (468540K) : flash_drw has 0 polygons
2026-08-31 17:35:23 +0200: Memory Usage (468804K) : intbondvia_drw has 0 polygons
2026-08-31 17:35:23 +0200: Memory Usage (468804K) : intbondmet_drw has 0 polygons
2026-08-31 17:35:23 +0200: Memory Usage (468804K) : devbondvia_drw has 0 polygons
2026-08-31 17:35:23 +0200: Memory Usage (468804K) : devbondmet_drw has 0 polygons
2026-08-31 17:35:23 +0200: Memory Usage (468804K) : devtrench_drw has 0 polygons
2026-08-31 17:35:23 +0200: Memory Usage (468804K) : redist_drw has 0 polygons
2026-08-31 17:35:23 +0200: Memory Usage (468804K) : graphbot_drw has 0 polygons
2026-08-31 17:35:23 +0200: Memory Usage (469068K) : graphtop_drw has 0 polygons
2026-08-31 17:35:23 +0200: Memory Usage (469068K) : antvia1_drw has 0 polygons
2026-08-31 17:35:23 +0200: Memory Usage (469068K) : antmetal2_drw has 0 polygons
2026-08-31 17:35:23 +0200: Memory Usage (469068K) : graphcont_drw has 0 polygons
2026-08-31 17:35:23 +0200: Memory Usage (469068K) : siwg_drw has 0 polygons
2026-08-31 17:35:23 +0200: Memory Usage (469068K) : siwg_filler has 0 polygons
2026-08-31 17:35:23 +0200: Memory Usage (469332K) : siwg_nofill has 0 polygons
2026-08-31 17:35:23 +0200: Memory Usage (469332K) : sigrating_drw has 0 polygons
2026-08-31 17:35:23 +0200: Memory Usage (469332K) : singrating_drw has 0 polygons
2026-08-31 17:35:23 +0200: Memory Usage (469332K) : graphpas_drw has 0 polygons
2026-08-31 17:35:23 +0200: Memory Usage (469596K) : emwind3_drw has 0 polygons
2026-08-31 17:35:23 +0200: Memory Usage (469596K) : emwihv3_drw has 0 polygons
2026-08-31 17:35:23 +0200: Memory Usage (469596K) : redbulay_drw has 0 polygons
2026-08-31 17:35:23 +0200: Memory Usage (469596K) : smos_drw has 0 polygons
2026-08-31 17:35:23 +0200: Memory Usage (469596K) : graphpad_drw has 0 polygons
2026-08-31 17:35:23 +0200: Memory Usage (469860K) : polimide_drw has 0 polygons
2026-08-31 17:35:23 +0200: Memory Usage (469860K) : polimide_pin has 0 polygons
2026-08-31 17:35:23 +0200: Memory Usage (469860K) : recog_drw has 0 polygons
2026-08-31 17:35:23 +0200: Memory Usage (469860K) : recog_pin has 0 polygons
2026-08-31 17:35:23 +0200: Memory Usage (469860K) : recog_esd has 0 polygons
2026-08-31 17:35:23 +0200: Memory Usage (470124K) : recog_diode has 0 polygons
2026-08-31 17:35:23 +0200: Memory Usage (470124K) : recog_tsv has 0 polygons
2026-08-31 17:35:23 +0200: Memory Usage (470124K) : recog_iprobe has 0 polygons
2026-08-31 17:35:23 +0200: Memory Usage (470124K) : recog_diffprb has 0 polygons
2026-08-31 17:35:23 +0200: Memory Usage (470124K) : recog_pillar has 0 polygons
2026-08-31 17:35:23 +0200: Memory Usage (470388K) : recog_sbump has 0 polygons
2026-08-31 17:35:23 +0200: Memory Usage (470388K) : recog_otp has 0 polygons
2026-08-31 17:35:23 +0200: Memory Usage (470388K) : recog_pdiode has 0 polygons
2026-08-31 17:35:23 +0200: Memory Usage (470388K) : recog_mom has 0 polygons
2026-08-31 17:35:23 +0200: Memory Usage (470388K) : recog_momf has 2 polygons
2026-08-31 17:35:23 +0200: Memory Usage (470388K) : recog_pcm has 0 polygons
2026-08-31 17:35:23 +0200: Memory Usage (470388K) : colopen_drw has 0 polygons
2026-08-31 17:35:23 +0200: Memory Usage (470652K) : graphmetal1_drw has 0 polygons
2026-08-31 17:35:23 +0200: Memory Usage (470652K) : graphmetal1_filler has 0 polygons
2026-08-31 17:35:23 +0200: Memory Usage (470652K) : graphmetal1_nofill has 0 polygons
2026-08-31 17:35:23 +0200: Memory Usage (470652K) : graphmetal1_slit has 0 polygons
2026-08-31 17:35:23 +0200: Memory Usage (470652K) : graphmetal1_opc has 0 polygons
2026-08-31 17:35:23 +0200: Memory Usage (470916K) : graphmet1l_drw has 0 polygons
2026-08-31 17:35:23 +0200: Memory Usage (470916K) : graphmet1l_filler has 0 polygons
2026-08-31 17:35:23 +0200: Memory Usage (470916K) : graphmet1l_nofill has 0 polygons
2026-08-31 17:35:23 +0200: Memory Usage (470916K) : graphmet1l_slit has 0 polygons
2026-08-31 17:35:23 +0200: Memory Usage (470916K) : graphmet1l_opc has 0 polygons
2026-08-31 17:35:23 +0200: Memory Usage (470916K) : extblock_drw has 66 polygons
2026-08-31 17:35:23 +0200: Memory Usage (471180K) : nldd_drw has 0 polygons
2026-08-31 17:35:23 +0200: Memory Usage (471180K) : pldd_drw has 0 polygons
2026-08-31 17:35:23 +0200: Memory Usage (471180K) : next_drw has 0 polygons
2026-08-31 17:35:23 +0200: Memory Usage (471180K) : pext_drw has 0 polygons
2026-08-31 17:35:23 +0200: Memory Usage (471444K) : nexthv_drw has 0 polygons
2026-08-31 17:35:23 +0200: Memory Usage (471444K) : pexthv_drw has 0 polygons
2026-08-31 17:35:23 +0200: Memory Usage (471444K) : graphgate_drw has 0 polygons
2026-08-31 17:35:23 +0200: Memory Usage (471444K) : sinwg_drw has 0 polygons
2026-08-31 17:35:23 +0200: Memory Usage (471444K) : sinwg_filler has 0 polygons
2026-08-31 17:35:23 +0200: Memory Usage (471708K) : sinwg_nofill has 0 polygons
2026-08-31 17:35:23 +0200: Memory Usage (471708K) : mempad_drw has 0 polygons
2026-08-31 17:35:23 +0200: Memory Usage (471708K) : topvia1_drw has 0 polygons
2026-08-31 17:35:23 +0200: Memory Usage (471708K) : topmetal1_drw has 0 polygons
2026-08-31 17:35:23 +0200: Memory Usage (471708K) : topmetal1_pin has 0 polygons
2026-08-31 17:35:23 +0200: Memory Usage (471972K) : topmetal1_mask has 0 polygons
2026-08-31 17:35:23 +0200: Memory Usage (471972K) : topmetal1_filler has 0 polygons
2026-08-31 17:35:23 +0200: Memory Usage (471972K) : topmetal1_nofill has 0 polygons
2026-08-31 17:35:23 +0200: Memory Usage (471972K) : topmetal1_slit has 0 polygons
2026-08-31 17:35:23 +0200: Memory Usage (471972K) : topmetal1_text has 0 polygons
2026-08-31 17:35:23 +0200: Memory Usage (471972K) : topmetal1_noqrc has 0 polygons
2026-08-31 17:35:23 +0200: Memory Usage (472236K) : topmetal1_res has 0 polygons
2026-08-31 17:35:23 +0200: Memory Usage (472236K) : topmetal1_iprobe has 0 polygons
2026-08-31 17:35:23 +0200: Memory Usage (472236K) : topmetal1_diffprb has 0 polygons
2026-08-31 17:35:23 +0200: Memory Usage (472236K) : inldpwl_drw has 0 polygons
2026-08-31 17:35:23 +0200: Memory Usage (472236K) : polyres_drw has 22 polygons
2026-08-31 17:35:23 +0200: Memory Usage (472236K) : polyres_pin has 0 polygons
2026-08-31 17:35:23 +0200: Memory Usage (472236K) : vmim_drw has 0 polygons
2026-08-31 17:35:23 +0200: Memory Usage (472500K) : nbulaycut_drw has 0 polygons
2026-08-31 17:35:23 +0200: Memory Usage (472500K) : antmetal1_drw has 0 polygons
2026-08-31 17:35:23 +0200: Memory Usage (472500K) : topvia2_drw has 0 polygons
2026-08-31 17:35:23 +0200: Memory Usage (472500K) : topmetal2_drw has 0 polygons
2026-08-31 17:35:23 +0200: Memory Usage (472500K) : topmetal2_pin has 0 polygons
2026-08-31 17:35:23 +0200: Memory Usage (472500K) : topmetal2_mask has 0 polygons
2026-08-31 17:35:23 +0200: Memory Usage (472500K) : topmetal2_filler has 0 polygons
2026-08-31 17:35:23 +0200: Memory Usage (472764K) : topmetal2_nofill has 0 polygons
2026-08-31 17:35:23 +0200: Memory Usage (472764K) : topmetal2_slit has 0 polygons
2026-08-31 17:35:23 +0200: Memory Usage (472764K) : topmetal2_text has 0 polygons
2026-08-31 17:35:23 +0200: Memory Usage (472764K) : topmetal2_noqrc has 0 polygons
2026-08-31 17:35:23 +0200: Memory Usage (472764K) : topmetal2_res has 0 polygons
2026-08-31 17:35:23 +0200: Memory Usage (472764K) : topmetal2_iprobe has 0 polygons
2026-08-31 17:35:23 +0200: Memory Usage (473028K) : topmetal2_diffprb has 0 polygons
2026-08-31 17:35:23 +0200: Memory Usage (473028K) : snsring_drw has 0 polygons
2026-08-31 17:35:23 +0200: Memory Usage (473028K) : sensor_drw has 0 polygons
2026-08-31 17:35:23 +0200: Memory Usage (473028K) : snsarms_drw has 0 polygons
2026-08-31 17:35:23 +0200: Memory Usage (473028K) : snscmosvia_drw has 0 polygons
2026-08-31 17:35:23 +0200: Memory Usage (473292K) : colwind_drw has 0 polygons
2026-08-31 17:35:23 +0200: Memory Usage (473292K) : flm_drw has 0 polygons
2026-08-31 17:35:23 +0200: Memory Usage (473292K) : hafniumox_drw has 0 polygons
2026-08-31 17:35:23 +0200: Memory Usage (473292K) : memvia_drw has 0 polygons
2026-08-31 17:35:23 +0200: Memory Usage (473292K) : thinfilmres_drw has 0 polygons
2026-08-31 17:35:23 +0200: Memory Usage (473556K) : rfmem_drw has 0 polygons
2026-08-31 17:35:23 +0200: Memory Usage (473556K) : norcx_drw has 0 polygons
2026-08-31 17:35:23 +0200: Memory Usage (473556K) : norcx_m2m3 has 0 polygons
2026-08-31 17:35:23 +0200: Memory Usage (473556K) : norcx_m2m4 has 0 polygons
2026-08-31 17:35:23 +0200: Memory Usage (473556K) : norcx_m2m5 has 0 polygons
2026-08-31 17:35:23 +0200: Memory Usage (473556K) : norcx_m2tm1 has 0 polygons
2026-08-31 17:35:23 +0200: Memory Usage (473556K) : norcx_m2tm2 has 0 polygons
2026-08-31 17:35:23 +0200: Memory Usage (473556K) : norcx_m3m4 has 0 polygons
2026-08-31 17:35:23 +0200: Memory Usage (473820K) : norcx_m3m5 has 0 polygons
2026-08-31 17:35:23 +0200: Memory Usage (473820K) : norcx_m3tm1 has 0 polygons
2026-08-31 17:35:23 +0200: Memory Usage (473820K) : norcx_m3tm2 has 0 polygons
2026-08-31 17:35:23 +0200: Memory Usage (473820K) : norcx_m4m5 has 0 polygons
2026-08-31 17:35:23 +0200: Memory Usage (473820K) : norcx_m4tm1 has 0 polygons
2026-08-31 17:35:23 +0200: Memory Usage (474084K) : norcx_m4tm2 has 0 polygons
2026-08-31 17:35:23 +0200: Memory Usage (474084K) : norcx_m5tm1 has 0 polygons
2026-08-31 17:35:23 +0200: Memory Usage (474084K) : norcx_m5tm2 has 0 polygons
2026-08-31 17:35:23 +0200: Memory Usage (474084K) : norcx_tm1tm2 has 0 polygons
2026-08-31 17:35:23 +0200: Memory Usage (474084K) : norcx_m1sub has 0 polygons
2026-08-31 17:35:23 +0200: Memory Usage (474348K) : norcx_m2sub has 0 polygons
2026-08-31 17:35:23 +0200: Memory Usage (474348K) : norcx_m3sub has 0 polygons
2026-08-31 17:35:23 +0200: Memory Usage (474348K) : norcx_m4sub has 0 polygons
2026-08-31 17:35:23 +0200: Memory Usage (474348K) : norcx_m5sub has 0 polygons
2026-08-31 17:35:23 +0200: Memory Usage (474348K) : norcx_tm1sub has 0 polygons
2026-08-31 17:35:23 +0200: Memory Usage (474612K) : norcx_tm2sub has 0 polygons
2026-08-31 17:35:23 +0200: Memory Usage (474612K) : snsbotvia_drw has 0 polygons
2026-08-31 17:35:23 +0200: Memory Usage (474612K) : snstopvia_drw has 0 polygons
2026-08-31 17:35:23 +0200: Memory Usage (474612K) : deepvia_drw has 0 polygons
2026-08-31 17:35:23 +0200: Memory Usage (474612K) : fgetch_drw has 0 polygons
2026-08-31 17:35:23 +0200: Memory Usage (474876K) : ctrgat_drw has 0 polygons
2026-08-31 17:35:23 +0200: Memory Usage (474876K) : fgimp_drw has 0 polygons
2026-08-31 17:35:23 +0200: Memory Usage (474876K) : emwihv_drw has 0 polygons
2026-08-31 17:35:23 +0200: Memory Usage (474876K) : lbe_drw has 0 polygons
2026-08-31 17:35:23 +0200: Memory Usage (474876K) : alcustop_drw has 0 polygons
2026-08-31 17:35:23 +0200: Memory Usage (475140K) : nometfiller_drw has 2 polygons
2026-08-31 17:35:23 +0200: Memory Usage (475140K) : prboundary_drw has 0 polygons
2026-08-31 17:35:23 +0200: Memory Usage (475140K) : exchange0_drw has 0 polygons
2026-08-31 17:35:23 +0200: Memory Usage (475140K) : exchange0_pin has 0 polygons
2026-08-31 17:35:23 +0200: Memory Usage (475140K) : exchange0_text has 0 polygons
2026-08-31 17:35:23 +0200: Memory Usage (475140K) : exchange1_drw has 0 polygons
2026-08-31 17:35:23 +0200: Memory Usage (475140K) : exchange1_pin has 0 polygons
2026-08-31 17:35:23 +0200: Memory Usage (475140K) : exchange1_text has 0 polygons
2026-08-31 17:35:23 +0200: Memory Usage (475140K) : exchange2_drw has 0 polygons
2026-08-31 17:35:23 +0200: Memory Usage (475404K) : exchange2_pin has 0 polygons
2026-08-31 17:35:23 +0200: Memory Usage (475404K) : exchange2_text has 0 polygons
2026-08-31 17:35:23 +0200: Memory Usage (475404K) : exchange3_drw has 0 polygons
2026-08-31 17:35:23 +0200: Memory Usage (475404K) : exchange3_pin has 0 polygons
2026-08-31 17:35:23 +0200: Memory Usage (475404K) : exchange3_text has 0 polygons
2026-08-31 17:35:23 +0200: Memory Usage (475404K) : exchange4_drw has 0 polygons
2026-08-31 17:35:23 +0200: Memory Usage (475668K) : exchange4_pin has 0 polygons
2026-08-31 17:35:23 +0200: Memory Usage (475668K) : exchange4_text has 0 polygons
2026-08-31 17:35:23 +0200: Memory Usage (475668K) : isonwell_drw has 0 polygons
2026-08-31 17:35:23 +0200: Memory Usage (475668K) : Total no. of polygons in the design is 9693
2026-08-31 17:35:23 +0200: Memory Usage (475668K) : Loaded TECH DRC rules values from /foss/pdks/ihp-sg13cmos5l/libs.tech/klayout/python/sg13cmos5l_pycell_lib/sg13cmos5l_tech_mod.json
2026-08-31 17:35:23 +0200: Memory Usage (475668K) : Loaded default DRC rules values from /foss/pdks/ihp-sg13cmos5l/libs.tech/klayout/tech/drc/rule_decks/sg13cmos5l_tech_default.json
2026-08-31 17:35:23 +0200: Memory Usage (475932K) : Total area of the design is 9887.131475 um^2.
2026-08-31 17:35:23 +0200: Memory Usage (475932K) : The design dimensions are 126.815 um * 77.965 um.
2026-08-31 17:35:23 +0200: Memory Usage (475932K) : Starting general IHP-SG13CMOS5L derivations.
2026-08-31 17:35:23 +0200: Memory Usage (475932K) : Starting Pwell derivations
2026-08-31 17:35:23 +0200: Memory Usage (479244K) : Starting n-Activ derivations
2026-08-31 17:35:23 +0200: Memory Usage (479720K) : Starting p-Activ derivations
2026-08-31 17:35:23 +0200: Memory Usage (479724K) : Starting ptap derivations
2026-08-31 17:35:23 +0200: Memory Usage (480160K) : Starting ntap derivations
2026-08-31 17:35:23 +0200: Memory Usage (480160K) : Starting pact FET derivations
2026-08-31 17:35:23 +0200: Memory Usage (480160K) : Starting nact FET derivations
2026-08-31 17:35:23 +0200: Memory Usage (480160K) : Starting Gate derivations
2026-08-31 17:35:23 +0200: Memory Usage (480488K) : Starting SVaricap general derivations
2026-08-31 17:35:23 +0200: Memory Usage (480756K) : Starting cont/contbar general derivations
2026-08-31 17:35:23 +0200: Memory Usage (482916K) : Starting pad general derivations (TM1 top)
2026-08-31 17:35:23 +0200: Memory Usage (482916K) : Starting IHP-SG13CMOS5L DRC connectivity related derivations.
2026-08-31 17:35:23 +0200: Memory Usage (482916K) : Starting IHP-SG13CMOS5L DRC connectivity setup
2026-08-31 17:35:23 +0200: Memory Usage (482916K) : Starting IHP-SG13CMOS5L DRC rules.
2026-08-31 17:35:23 +0200: Memory Usage (482916K) : Running all FEOL rules
2026-08-31 17:35:23 +0200: Memory Usage (482916K) : Running all BEOL rules
2026-08-31 17:35:23 +0200: Memory Usage (482916K) : Running all PIN rules
2026-08-31 17:35:23 +0200: Memory Usage (482916K) : Running all FORBIDDEN rules
2026-08-31 17:35:23 +0200: Memory Usage (482916K) : Starting 5.1 NWell table
2026-08-31 17:35:23 +0200: Memory Usage (482916K) : Executing rule NW.b
2026-08-31 17:35:23 +0200: Memory Usage (483108K) : Executing rule NW.b1
2026-08-31 17:35:23 +0200: Memory Usage (483108K) : Executing rule NW.f1
2026-08-31 17:35:23 +0200: Memory Usage (483108K) : Executing rule NW.f1.digibnd
2026-08-31 17:35:23 +0200: Memory Usage (483108K) : Starting 5.2 PWell:block
2026-08-31 17:35:23 +0200: Memory Usage (483108K) : Executing rule PWB.e
2026-08-31 17:35:23 +0200: Memory Usage (483108K) : Executing rule PWB.e1
2026-08-31 17:35:23 +0200: Memory Usage (483108K) : Executing rule PWB.f
2026-08-31 17:35:23 +0200: Memory Usage (483108K) : Executing rule PWB.f1
2026-08-31 17:35:23 +0200: Memory Usage (483108K) : Starting 5.3 nBuLay table
2026-08-31 17:35:23 +0200: Memory Usage (483108K) : nBuLay (32/0) is a FORBIDDEN layer in CMOS5L - skipping NBL rules
2026-08-31 17:35:23 +0200: Memory Usage (483108K) : Starting 5.5. Activ table
2026-08-31 17:35:23 +0200: Memory Usage (483108K) : Executing rule Act.a
2026-08-31 17:35:23 +0200: Memory Usage (483108K) : Executing rule Act.b
2026-08-31 17:35:23 +0200: Memory Usage (483108K) : Starting 5.6 Activ:filler table
2026-08-31 17:35:23 +0200: Memory Usage (483108K) : Executing rule AFil.c1
2026-08-31 17:35:23 +0200: Memory Usage (483108K) : Executing rule AFil.c
2026-08-31 17:35:23 +0200: Memory Usage (483108K) : Executing rule AFil.d
2026-08-31 17:35:23 +0200: Memory Usage (483108K) : Skipping rule AFil.e (TRANS is forbidden in CMOS5L)
2026-08-31 17:35:23 +0200: Memory Usage (483108K) : Executing rule AFil.j
2026-08-31 17:35:23 +0200: Memory Usage (483108K) : Starting 5.7. ThickGateOx table
2026-08-31 17:35:23 +0200: Memory Usage (483108K) : Executing rule TGO.f
2026-08-31 17:35:23 +0200: Memory Usage (483108K) : Starting 5.8. GatPoly table
2026-08-31 17:35:23 +0200: Memory Usage (483108K) : Executing rule Gat.a
2026-08-31 17:35:23 +0200: Memory Usage (483108K) : Executing rule Gat.b
2026-08-31 17:35:23 +0200: Memory Usage (483224K) : Executing rule Gat.d
2026-08-31 17:35:24 +0200: Memory Usage (483232K) : Executing rule Gat.a1
2026-08-31 17:35:24 +0200: Memory Usage (483272K) : Executing rule Gat.a2
2026-08-31 17:35:24 +0200: Memory Usage (483272K) : Executing rule Gat.g
2026-08-31 17:35:24 +0200: Memory Usage (483272K) : Starting 5.9 GatPoly:filler
2026-08-31 17:35:24 +0200: Memory Usage (483272K) : Executing rule GFil.d
2026-08-31 17:35:24 +0200: Memory Usage (483272K) : Executing rule GFil.e
2026-08-31 17:35:24 +0200: Memory Usage (483272K) : Executing rule GFil.i
2026-08-31 17:35:24 +0200: Memory Usage (483272K) : Starting 5.10 pSD table
2026-08-31 17:35:24 +0200: Memory Usage (483272K) : Executing rule pSD.c1
2026-08-31 17:35:24 +0200: Memory Usage (483272K) : Starting 5.14. Cont table
2026-08-31 17:35:24 +0200: Memory Usage (483272K) : Executing rule Cnt.a
2026-08-31 17:35:24 +0200: Memory Usage (483272K) : Executing rule Cnt.b
2026-08-31 17:35:24 +0200: Memory Usage (483384K) : Executing rule Cnt.c
2026-08-31 17:35:24 +0200: Memory Usage (483408K) : Executing rule Cnt.c.digibnd
2026-08-31 17:35:24 +0200: Memory Usage (483408K) : Executing rule Cnt.c.SRAM
2026-08-31 17:35:24 +0200: Memory Usage (483408K) : Executing rule Cnt.d
2026-08-31 17:35:24 +0200: Memory Usage (483408K) : Executing rule Cnt.e
2026-08-31 17:35:24 +0200: Memory Usage (483408K) : Executing rule Cnt.g1
2026-08-31 17:35:24 +0200: Memory Usage (483408K) : Executing rule Cnt.g2
2026-08-31 17:35:24 +0200: Memory Usage (483532K) : Starting 5.15. ContBar table
2026-08-31 17:35:24 +0200: Memory Usage (483532K) : Executing rule CntB.b1
2026-08-31 17:35:24 +0200: Memory Usage (483532K) : Executing rule CntB.h1
2026-08-31 17:35:24 +0200: Memory Usage (483532K) : Starting 7.2 Latch-up table
2026-08-31 17:35:24 +0200: Memory Usage (483532K) : Executing rule LU.b
2026-08-31 17:35:24 +0200: Memory Usage (483532K) : Starting 5.16. Metal1 table
2026-08-31 17:35:24 +0200: Memory Usage (483532K) : Executing rule M1.a
2026-08-31 17:35:24 +0200: Memory Usage (483532K) : Executing rule M1.b
2026-08-31 17:35:24 +0200: Memory Usage (483584K) : Executing rule M1.e
2026-08-31 17:35:24 +0200: Memory Usage (483584K) : Executing rule M1.f
2026-08-31 17:35:24 +0200: Memory Usage (483584K) : Executing rule M1.g
2026-08-31 17:35:24 +0200: Memory Usage (483584K) : Executing rule M1.i
2026-08-31 17:35:24 +0200: Memory Usage (483648K) : Starting 5.17 Metaln table
2026-08-31 17:35:24 +0200: Memory Usage (483648K) : Executing rule M2.a
2026-08-31 17:35:24 +0200: Memory Usage (483648K) : Executing rule M2.b
2026-08-31 17:35:24 +0200: Memory Usage (483648K) : Executing rule M2.e
2026-08-31 17:35:24 +0200: Memory Usage (483648K) : Executing rule M2.f
2026-08-31 17:35:24 +0200: Memory Usage (483648K) : Executing rule M2.g
2026-08-31 17:35:24 +0200: Memory Usage (483648K) : Executing rule M2.i
2026-08-31 17:35:24 +0200: Memory Usage (483648K) : Executing rule M3.a
2026-08-31 17:35:24 +0200: Memory Usage (483648K) : Executing rule M3.b
2026-08-31 17:35:24 +0200: Memory Usage (483648K) : Executing rule M3.e
2026-08-31 17:35:24 +0200: Memory Usage (483648K) : Executing rule M3.f
2026-08-31 17:35:24 +0200: Memory Usage (483648K) : Executing rule M3.g
2026-08-31 17:35:24 +0200: Memory Usage (483648K) : Executing rule M3.i
2026-08-31 17:35:24 +0200: Memory Usage (483648K) : Executing rule M4.a
2026-08-31 17:35:24 +0200: Memory Usage (483648K) : Executing rule M4.b
2026-08-31 17:35:24 +0200: Memory Usage (483648K) : Executing rule M4.e
2026-08-31 17:35:24 +0200: Memory Usage (483648K) : Executing rule M4.f
2026-08-31 17:35:24 +0200: Memory Usage (483648K) : Executing rule M4.g
2026-08-31 17:35:24 +0200: Memory Usage (483648K) : Executing rule M4.i
2026-08-31 17:35:24 +0200: Memory Usage (483648K) : Starting 5.18 Metaln:filler table
2026-08-31 17:35:24 +0200: Memory Usage (483648K) : Executing rule M1Fil.c
2026-08-31 17:35:24 +0200: Memory Usage (483648K) : Executing rule M1Fil.a2
2026-08-31 17:35:24 +0200: Memory Usage (483648K) : Executing rule M2Fil.c
2026-08-31 17:35:24 +0200: Memory Usage (483648K) : Executing rule M2Fil.a2
2026-08-31 17:35:24 +0200: Memory Usage (483648K) : Executing rule M3Fil.c
2026-08-31 17:35:24 +0200: Memory Usage (483648K) : Executing rule M3Fil.a2
2026-08-31 17:35:24 +0200: Memory Usage (483648K) : Executing rule M4Fil.c
2026-08-31 17:35:24 +0200: Memory Usage (483648K) : Executing rule M4Fil.a2
2026-08-31 17:35:24 +0200: Memory Usage (483648K) : Starting 5.19. Via1 table
2026-08-31 17:35:24 +0200: Memory Usage (483648K) : Starting 5.19. Via1 table derivations
2026-08-31 17:35:24 +0200: Memory Usage (483648K) : Executing rule V1.a
2026-08-31 17:35:24 +0200: Memory Usage (483648K) : Executing rule V1.b
2026-08-31 17:35:24 +0200: Memory Usage (483648K) : Executing rule V1.c
2026-08-31 17:35:24 +0200: Memory Usage (483648K) : Starting 5.20. Vian table
2026-08-31 17:35:24 +0200: Memory Usage (483648K) : Executing rule V2.a
2026-08-31 17:35:24 +0200: Memory Usage (483648K) : Executing rule V2.b
2026-08-31 17:35:24 +0200: Memory Usage (483648K) : Executing rule V2.c
2026-08-31 17:35:24 +0200: Memory Usage (483648K) : Executing rule V3.a
2026-08-31 17:35:24 +0200: Memory Usage (483648K) : Executing rule V3.b
2026-08-31 17:35:24 +0200: Memory Usage (483648K) : Executing rule V3.c
2026-08-31 17:35:24 +0200: Memory Usage (483648K) : Starting 5.21. TopVia1 table
2026-08-31 17:35:24 +0200: Memory Usage (483648K) : Executing rule TV1.a
2026-08-31 17:35:24 +0200: Memory Usage (483648K) : Executing rule TV1.b
2026-08-31 17:35:24 +0200: Memory Usage (483648K) : Executing rule TV1.c
2026-08-31 17:35:24 +0200: Memory Usage (483648K) : Executing rule TV1.d
2026-08-31 17:35:24 +0200: Memory Usage (483648K) : Starting 5.22. TopMetal1 table
2026-08-31 17:35:24 +0200: Memory Usage (483648K) : Executing rule TM1.a
2026-08-31 17:35:24 +0200: Memory Usage (483648K) : Executing rule TM1.b
2026-08-31 17:35:24 +0200: Memory Usage (483648K) : Starting 5.23 TopMetal1:filler table
2026-08-31 17:35:24 +0200: Memory Usage (483648K) : Executing rule TM1Fil.c
2026-08-31 17:35:24 +0200: Memory Usage (483648K) : Executing rule TM1Fil.a1
2026-08-31 17:35:24 +0200: Memory Usage (483648K) : Starting 5.27. Passiv table
2026-08-31 17:35:24 +0200: Memory Usage (483648K) : Executing rule Pas.a
2026-08-31 17:35:24 +0200: Memory Usage (483648K) : Executing rule Pas.b
2026-08-31 17:35:24 +0200: Memory Usage (483648K) : Executing rule Pas.c
2026-08-31 17:35:24 +0200: Memory Usage (483648K) : Starting 6.9 Pad table
2026-08-31 17:35:24 +0200: Memory Usage (483648K) : Executing rule Pad.m
2026-08-31 17:35:24 +0200: Memory Usage (483648K) : Executing rule Pad.fR_M1
2026-08-31 17:35:24 +0200: Memory Usage (483648K) : Executing rule Pad.fR_M2
2026-08-31 17:35:24 +0200: Memory Usage (483648K) : Executing rule Pad.fR_M3
2026-08-31 17:35:24 +0200: Memory Usage (483648K) : Executing rule Pad.fR_M4
2026-08-31 17:35:24 +0200: Memory Usage (483648K) : Executing rule Pad.fR_TM1
2026-08-31 17:35:24 +0200: Memory Usage (483648K) : Executing rule Pad.i
2026-08-31 17:35:24 +0200: Memory Usage (483648K) : Starting 6.10 Sealring table
2026-08-31 17:35:24 +0200: Memory Usage (483648K) : Executing rule Seal.l
2026-08-31 17:35:24 +0200: Memory Usage (483648K) : Executing rule Seal.n
2026-08-31 17:35:24 +0200: Memory Usage (483648K) : Executing rule seal.b_metal1
2026-08-31 17:35:24 +0200: Memory Usage (483648K) : Executing rule seal.b_metal2
2026-08-31 17:35:24 +0200: Memory Usage (483648K) : Executing rule seal.b_metal3
2026-08-31 17:35:24 +0200: Memory Usage (483648K) : Executing rule seal.b_metal4
2026-08-31 17:35:24 +0200: Memory Usage (483648K) : Executing rule seal.b_topmetal1
2026-08-31 17:35:24 +0200: Memory Usage (483648K) : Executing rule seal.b_activ
2026-08-31 17:35:24 +0200: Memory Usage (483648K) : Executing rule seal.b_psd
2026-08-31 17:35:24 +0200: Memory Usage (483648K) : Executing rule Seal.k
2026-08-31 17:35:24 +0200: Memory Usage (483648K) : Executing rule Seal.m
2026-08-31 17:35:24 +0200: Memory Usage (483648K) : Starting 7.3 Metal Slits table
2026-08-31 17:35:24 +0200: Memory Usage (483648K) : Executing rule Slt.e1_M1
2026-08-31 17:35:24 +0200: Memory Usage (483648K) : Executing rule Slt.e1_M2
2026-08-31 17:35:24 +0200: Memory Usage (483648K) : Executing rule Slt.e1_M3
2026-08-31 17:35:24 +0200: Memory Usage (483648K) : Executing rule Slt.e1_M4
2026-08-31 17:35:24 +0200: Memory Usage (483648K) : Executing rule Slt.e1_TM1
2026-08-31 17:35:24 +0200: Memory Usage (483648K) : Starting 9.1. LBE table
2026-08-31 17:35:24 +0200: Memory Usage (483648K) : Executing rule LBE.a
2026-08-31 17:35:24 +0200: Memory Usage (483648K) : Executing rule LBE.b
2026-08-31 17:35:24 +0200: Memory Usage (483648K) : Executing rule LBE.b1
2026-08-31 17:35:24 +0200: Memory Usage (483648K) : Executing rule LBE.c
2026-08-31 17:35:24 +0200: Memory Usage (483648K) : Executing rule LBE.d
2026-08-31 17:35:24 +0200: Memory Usage (483648K) : Executing rule LBE.h
2026-08-31 17:35:24 +0200: Memory Usage (483648K) : Starting 7.4. PIN table
2026-08-31 17:35:24 +0200: Memory Usage (483648K) : Executing rule Pin.a
2026-08-31 17:35:24 +0200: Memory Usage (483648K) : Executing rule Pin.b
2026-08-31 17:35:24 +0200: Memory Usage (483648K) : Executing rule Pin.e
2026-08-31 17:35:24 +0200: Memory Usage (483648K) : Executing rule Pin.f_M2
2026-08-31 17:35:24 +0200: Memory Usage (483648K) : Executing rule Pin.f_M3
2026-08-31 17:35:24 +0200: Memory Usage (483648K) : Executing rule Pin.f_M4
2026-08-31 17:35:24 +0200: Memory Usage (483648K) : Executing rule Pin.g
2026-08-31 17:35:24 +0200: Memory Usage (483648K) : Starting 3.1. offgrid table
2026-08-31 17:35:24 +0200: Memory Usage (483648K) : Executing rule activ_drw_Offgrid
2026-08-31 17:35:24 +0200: Memory Usage (483648K) : Executing rule activ_mask_Offgrid
2026-08-31 17:35:24 +0200: Memory Usage (483648K) : Executing rule activ_filler_Offgrid
2026-08-31 17:35:24 +0200: Memory Usage (483648K) : Executing rule activ_opc_Offgrid
2026-08-31 17:35:24 +0200: Memory Usage (483648K) : Executing rule activ_iopc_Offgrid
2026-08-31 17:35:24 +0200: Memory Usage (483648K) : Executing rule gatpoly_drw_Offgrid
2026-08-31 17:35:24 +0200: Memory Usage (483648K) : Executing rule gatpoly_filler_Offgrid
2026-08-31 17:35:24 +0200: Memory Usage (483648K) : Executing rule gatpoly_opc_Offgrid
2026-08-31 17:35:24 +0200: Memory Usage (483648K) : Executing rule gatpoly_iopc_Offgrid
2026-08-31 17:35:24 +0200: Memory Usage (483648K) : Executing rule gatpoly_noqrc_Offgrid
2026-08-31 17:35:24 +0200: Memory Usage (483648K) : Executing rule cont_drw_Offgrid
2026-08-31 17:35:25 +0200: Memory Usage (483648K) : Executing rule cont_opc_Offgrid
2026-08-31 17:35:25 +0200: Memory Usage (483648K) : Executing rule nsd_drw_Offgrid
2026-08-31 17:35:25 +0200: Memory Usage (483648K) : Executing rule nsd_block_Offgrid
2026-08-31 17:35:25 +0200: Memory Usage (483648K) : Executing rule metal1_drw_Offgrid
2026-08-31 17:35:25 +0200: Memory Usage (483648K) : Executing rule metal1_mask_Offgrid
2026-08-31 17:35:25 +0200: Memory Usage (483648K) : Executing rule metal1_filler_Offgrid
2026-08-31 17:35:25 +0200: Memory Usage (483648K) : Executing rule metal1_slit_Offgrid
2026-08-31 17:35:25 +0200: Memory Usage (483648K) : Executing rule metal1_opc_Offgrid
2026-08-31 17:35:25 +0200: Memory Usage (483648K) : Executing rule metal1_noqrc_Offgrid
2026-08-31 17:35:25 +0200: Memory Usage (483648K) : Executing rule metal1_res_Offgrid
2026-08-31 17:35:25 +0200: Memory Usage (483648K) : Executing rule metal1_iprobe_Offgrid
2026-08-31 17:35:25 +0200: Memory Usage (483648K) : Executing rule metal1_diffprb_Offgrid
2026-08-31 17:35:25 +0200: Memory Usage (483648K) : Executing rule passiv_drw_Offgrid
2026-08-31 17:35:25 +0200: Memory Usage (483648K) : Executing rule passiv_pillar_Offgrid
2026-08-31 17:35:25 +0200: Memory Usage (483648K) : Executing rule passiv_sbump_Offgrid
2026-08-31 17:35:25 +0200: Memory Usage (483648K) : Executing rule passiv_pdl_Offgrid
2026-08-31 17:35:25 +0200: Memory Usage (484724K) : Executing rule metal2_drw_Offgrid
2026-08-31 17:35:25 +0200: Memory Usage (485252K) : Executing rule metal2_mask_Offgrid
2026-08-31 17:35:25 +0200: Memory Usage (485780K) : Executing rule metal2_filler_Offgrid
2026-08-31 17:35:25 +0200: Memory Usage (486308K) : Executing rule metal2_slit_Offgrid
2026-08-31 17:35:25 +0200: Memory Usage (486836K) : Executing rule metal2_opc_Offgrid
2026-08-31 17:35:25 +0200: Memory Usage (486836K) : Executing rule metal2_noqrc_Offgrid
2026-08-31 17:35:25 +0200: Memory Usage (486836K) : Executing rule metal2_res_Offgrid
2026-08-31 17:35:25 +0200: Memory Usage (486836K) : Executing rule metal2_iprobe_Offgrid
2026-08-31 17:35:25 +0200: Memory Usage (486836K) : Executing rule metal2_diffprb_Offgrid
2026-08-31 17:35:25 +0200: Memory Usage (486836K) : Executing rule psd_drw_Offgrid
2026-08-31 17:35:25 +0200: Memory Usage (486836K) : Executing rule via1_drw_Offgrid
2026-08-31 17:35:25 +0200: Memory Usage (486836K) : Executing rule salblock_drw_Offgrid
2026-08-31 17:35:25 +0200: Memory Usage (486836K) : Executing rule via2_drw_Offgrid
2026-08-31 17:35:25 +0200: Memory Usage (486836K) : Executing rule metal3_drw_Offgrid
2026-08-31 17:35:25 +0200: Memory Usage (486836K) : Executing rule metal3_mask_Offgrid
2026-08-31 17:35:25 +0200: Memory Usage (486836K) : Executing rule metal3_filler_Offgrid
2026-08-31 17:35:25 +0200: Memory Usage (486836K) : Executing rule metal3_slit_Offgrid
2026-08-31 17:35:25 +0200: Memory Usage (486836K) : Executing rule metal3_opc_Offgrid
2026-08-31 17:35:25 +0200: Memory Usage (486836K) : Executing rule metal3_noqrc_Offgrid
2026-08-31 17:35:25 +0200: Memory Usage (486836K) : Executing rule metal3_res_Offgrid
2026-08-31 17:35:25 +0200: Memory Usage (486836K) : Executing rule metal3_iprobe_Offgrid
2026-08-31 17:35:25 +0200: Memory Usage (486836K) : Executing rule metal3_diffprb_Offgrid
2026-08-31 17:35:25 +0200: Memory Usage (486836K) : Executing rule nwell_drw_Offgrid
2026-08-31 17:35:25 +0200: Memory Usage (486836K) : Executing rule pwell_drw_Offgrid
2026-08-31 17:35:25 +0200: Memory Usage (486836K) : Executing rule pwell_block_Offgrid
2026-08-31 17:35:25 +0200: Memory Usage (486836K) : Executing rule substrate_drw_Offgrid
2026-08-31 17:35:25 +0200: Memory Usage (486836K) : Executing rule via3_drw_Offgrid
2026-08-31 17:35:25 +0200: Memory Usage (486836K) : Executing rule metal4_drw_Offgrid
2026-08-31 17:35:25 +0200: Memory Usage (486836K) : Executing rule metal4_mask_Offgrid
2026-08-31 17:35:25 +0200: Memory Usage (486836K) : Executing rule metal4_filler_Offgrid
2026-08-31 17:35:25 +0200: Memory Usage (486836K) : Executing rule metal4_slit_Offgrid
2026-08-31 17:35:25 +0200: Memory Usage (486836K) : Executing rule metal4_opc_Offgrid
2026-08-31 17:35:25 +0200: Memory Usage (486836K) : Executing rule metal4_noqrc_Offgrid
2026-08-31 17:35:25 +0200: Memory Usage (486836K) : Executing rule metal4_res_Offgrid
2026-08-31 17:35:25 +0200: Memory Usage (486836K) : Executing rule metal4_iprobe_Offgrid
2026-08-31 17:35:25 +0200: Memory Usage (486836K) : Executing rule metal4_diffprb_Offgrid
2026-08-31 17:35:25 +0200: Memory Usage (486836K) : Executing rule topvia1_drw_Offgrid
2026-08-31 17:35:25 +0200: Memory Usage (486836K) : Executing rule topmetal1_drw_Offgrid
2026-08-31 17:35:25 +0200: Memory Usage (486836K) : Executing rule topmetal1_mask_Offgrid
2026-08-31 17:35:25 +0200: Memory Usage (486836K) : Executing rule topmetal1_filler_Offgrid
2026-08-31 17:35:25 +0200: Memory Usage (486836K) : Executing rule topmetal1_slit_Offgrid
2026-08-31 17:35:25 +0200: Memory Usage (486836K) : Executing rule topmetal1_noqrc_Offgrid
2026-08-31 17:35:25 +0200: Memory Usage (486836K) : Executing rule topmetal1_res_Offgrid
2026-08-31 17:35:25 +0200: Memory Usage (486836K) : Executing rule topmetal1_iprobe_Offgrid
2026-08-31 17:35:25 +0200: Memory Usage (486836K) : Executing rule topmetal1_diffprb_Offgrid
2026-08-31 17:35:25 +0200: Memory Usage (486836K) : Executing rule thickgateox_drw_Offgrid
2026-08-31 17:35:25 +0200: Memory Usage (486836K) : Executing rule polyres_drw_Offgrid
2026-08-31 17:35:25 +0200: Memory Usage (486836K) : Executing rule antmetal1_drw_Offgrid
2026-08-31 17:35:25 +0200: Memory Usage (486836K) : Executing rule thinfilmres_drw_Offgrid
2026-08-31 17:35:25 +0200: Memory Usage (486836K) : Executing rule lbe_drw_Offgrid
2026-08-31 17:35:25 +0200: Memory Usage (486836K) : Executing rule prboundary_drw_Offgrid
2026-08-31 17:35:25 +0200: Memory Usage (486836K) : Starting 3.2. angle table
2026-08-31 17:35:25 +0200: Memory Usage (486836K) : Executing rule activ_drw_Acute
2026-08-31 17:35:25 +0200: Memory Usage (486836K) : Executing rule activ_pin_Acute
2026-08-31 17:35:25 +0200: Memory Usage (486836K) : Executing rule activ_mask_Acute
2026-08-31 17:35:25 +0200: Memory Usage (486836K) : Executing rule activ_filler_Acute
2026-08-31 17:35:25 +0200: Memory Usage (487100K) : Executing rule activ_nofill_Acute
2026-08-31 17:35:25 +0200: Memory Usage (487628K) : Executing rule activ_opc_Acute
2026-08-31 17:35:25 +0200: Memory Usage (488156K) : Executing rule activ_iopc_Acute
2026-08-31 17:35:25 +0200: Memory Usage (488684K) : Executing rule activ_noqrc_Acute
2026-08-31 17:35:25 +0200: Memory Usage (489212K) : Executing rule gatpoly_drw_Acute
2026-08-31 17:35:25 +0200: Memory Usage (490004K) : Executing rule gatpoly_pin_Acute
2026-08-31 17:35:25 +0200: Memory Usage (490268K) : Executing rule gatpoly_filler_Acute
2026-08-31 17:35:25 +0200: Memory Usage (490796K) : Executing rule gatpoly_nofill_Acute
2026-08-31 17:35:25 +0200: Memory Usage (491324K) : Executing rule gatpoly_opc_Acute
2026-08-31 17:35:25 +0200: Memory Usage (491588K) : Executing rule gatpoly_iopc_Acute
2026-08-31 17:35:25 +0200: Memory Usage (491588K) : Executing rule gatpoly_noqrc_Acute
2026-08-31 17:35:25 +0200: Memory Usage (491588K) : Executing rule cont_drw_Acute
2026-08-31 17:35:25 +0200: Memory Usage (491588K) : Executing rule cont_opc_Acute
2026-08-31 17:35:25 +0200: Memory Usage (491588K) : Executing rule nsd_drw_Acute
2026-08-31 17:35:25 +0200: Memory Usage (491588K) : Executing rule nsd_block_Acute
2026-08-31 17:35:25 +0200: Memory Usage (491588K) : Executing rule metal1_drw_Acute
2026-08-31 17:35:25 +0200: Memory Usage (491588K) : Executing rule metal1_pin_Acute
2026-08-31 17:35:25 +0200: Memory Usage (491588K) : Executing rule metal1_mask_Acute
2026-08-31 17:35:25 +0200: Memory Usage (491588K) : Executing rule metal1_filler_Acute
2026-08-31 17:35:25 +0200: Memory Usage (491588K) : Executing rule metal1_nofill_Acute
2026-08-31 17:35:25 +0200: Memory Usage (491588K) : Executing rule metal1_slit_Acute
2026-08-31 17:35:25 +0200: Memory Usage (491588K) : Executing rule metal1_opc_Acute
2026-08-31 17:35:26 +0200: Memory Usage (491588K) : Executing rule metal1_noqrc_Acute
2026-08-31 17:35:26 +0200: Memory Usage (491588K) : Executing rule metal1_res_Acute
2026-08-31 17:35:26 +0200: Memory Usage (491588K) : Executing rule metal1_iprobe_Acute
2026-08-31 17:35:26 +0200: Memory Usage (491588K) : Executing rule metal1_diffprb_Acute
2026-08-31 17:35:26 +0200: Memory Usage (491588K) : Executing rule passiv_drw_Acute
2026-08-31 17:35:26 +0200: Memory Usage (491588K) : Executing rule passiv_pin_Acute
2026-08-31 17:35:26 +0200: Memory Usage (491588K) : Executing rule passiv_pillar_Acute
2026-08-31 17:35:26 +0200: Memory Usage (491588K) : Executing rule passiv_sbump_Acute
2026-08-31 17:35:26 +0200: Memory Usage (491588K) : Executing rule passiv_pdl_Acute
2026-08-31 17:35:26 +0200: Memory Usage (491588K) : Executing rule metal2_drw_Acute
2026-08-31 17:35:26 +0200: Memory Usage (491588K) : Executing rule metal2_pin_Acute
2026-08-31 17:35:26 +0200: Memory Usage (491588K) : Executing rule metal2_mask_Acute
2026-08-31 17:35:26 +0200: Memory Usage (491588K) : Executing rule metal2_filler_Acute
2026-08-31 17:35:26 +0200: Memory Usage (491588K) : Executing rule metal2_nofill_Acute
2026-08-31 17:35:26 +0200: Memory Usage (491588K) : Executing rule metal2_slit_Acute
2026-08-31 17:35:26 +0200: Memory Usage (491588K) : Executing rule metal2_opc_Acute
2026-08-31 17:35:26 +0200: Memory Usage (491588K) : Executing rule metal2_noqrc_Acute
2026-08-31 17:35:26 +0200: Memory Usage (491588K) : Executing rule metal2_res_Acute
2026-08-31 17:35:26 +0200: Memory Usage (491588K) : Executing rule metal2_iprobe_Acute
2026-08-31 17:35:26 +0200: Memory Usage (491588K) : Executing rule metal2_diffprb_Acute
2026-08-31 17:35:26 +0200: Memory Usage (491588K) : Executing rule psd_drw_Acute
2026-08-31 17:35:26 +0200: Memory Usage (491588K) : Executing rule via1_drw_Acute
2026-08-31 17:35:26 +0200: Memory Usage (491588K) : Executing rule salblock_drw_Acute
2026-08-31 17:35:26 +0200: Memory Usage (491588K) : Executing rule via2_drw_Acute
2026-08-31 17:35:26 +0200: Memory Usage (491588K) : Executing rule metal3_drw_Acute
2026-08-31 17:35:26 +0200: Memory Usage (491588K) : Executing rule metal3_pin_Acute
2026-08-31 17:35:26 +0200: Memory Usage (491588K) : Executing rule metal3_mask_Acute
2026-08-31 17:35:26 +0200: Memory Usage (491588K) : Executing rule metal3_filler_Acute
2026-08-31 17:35:26 +0200: Memory Usage (491588K) : Executing rule metal3_nofill_Acute
2026-08-31 17:35:26 +0200: Memory Usage (491588K) : Executing rule metal3_slit_Acute
2026-08-31 17:35:26 +0200: Memory Usage (491588K) : Executing rule metal3_opc_Acute
2026-08-31 17:35:26 +0200: Memory Usage (491788K) : Executing rule metal3_noqrc_Acute
2026-08-31 17:35:26 +0200: Memory Usage (491788K) : Executing rule metal3_res_Acute
2026-08-31 17:35:26 +0200: Memory Usage (491852K) : Executing rule metal3_iprobe_Acute
2026-08-31 17:35:26 +0200: Memory Usage (491852K) : Executing rule metal3_diffprb_Acute
2026-08-31 17:35:26 +0200: Memory Usage (491916K) : Executing rule nwell_drw_Acute
2026-08-31 17:35:26 +0200: Memory Usage (491916K) : Executing rule nwell_pin_Acute
2026-08-31 17:35:26 +0200: Memory Usage (491916K) : Executing rule pwell_drw_Acute
2026-08-31 17:35:26 +0200: Memory Usage (492564K) : Executing rule pwell_pin_Acute
2026-08-31 17:35:26 +0200: Memory Usage (493092K) : Executing rule pwell_block_Acute
2026-08-31 17:35:26 +0200: Memory Usage (493628K) : Executing rule substrate_drw_Acute
2026-08-31 17:35:26 +0200: Memory Usage (494152K) : Executing rule via3_drw_Acute
2026-08-31 17:35:26 +0200: Memory Usage (494152K) : Executing rule metal4_drw_Acute
2026-08-31 17:35:26 +0200: Memory Usage (494152K) : Executing rule metal4_pin_Acute
2026-08-31 17:35:26 +0200: Memory Usage (494152K) : Executing rule metal4_mask_Acute
2026-08-31 17:35:26 +0200: Memory Usage (494152K) : Executing rule metal4_filler_Acute
2026-08-31 17:35:26 +0200: Memory Usage (494152K) : Executing rule metal4_nofill_Acute
2026-08-31 17:35:26 +0200: Memory Usage (494152K) : Executing rule metal4_slit_Acute
2026-08-31 17:35:26 +0200: Memory Usage (494152K) : Executing rule metal4_opc_Acute
2026-08-31 17:35:26 +0200: Memory Usage (494152K) : Executing rule metal4_noqrc_Acute
2026-08-31 17:35:26 +0200: Memory Usage (494152K) : Executing rule metal4_res_Acute
2026-08-31 17:35:26 +0200: Memory Usage (494152K) : Executing rule metal4_iprobe_Acute
2026-08-31 17:35:26 +0200: Memory Usage (494152K) : Executing rule metal4_diffprb_Acute
2026-08-31 17:35:26 +0200: Memory Usage (494152K) : Executing rule topvia1_drw_Acute
2026-08-31 17:35:26 +0200: Memory Usage (494152K) : Executing rule topmetal1_drw_Acute
2026-08-31 17:35:26 +0200: Memory Usage (494152K) : Executing rule topmetal1_pin_Acute
2026-08-31 17:35:26 +0200: Memory Usage (494152K) : Executing rule topmetal1_mask_Acute
2026-08-31 17:35:26 +0200: Memory Usage (494152K) : Executing rule topmetal1_filler_Acute
2026-08-31 17:35:26 +0200: Memory Usage (494152K) : Executing rule topmetal1_nofill_Acute
2026-08-31 17:35:26 +0200: Memory Usage (494152K) : Executing rule topmetal1_slit_Acute
2026-08-31 17:35:26 +0200: Memory Usage (494152K) : Executing rule topmetal1_noqrc_Acute
2026-08-31 17:35:26 +0200: Memory Usage (494152K) : Executing rule topmetal1_res_Acute
2026-08-31 17:35:26 +0200: Memory Usage (494152K) : Executing rule topmetal1_iprobe_Acute
2026-08-31 17:35:26 +0200: Memory Usage (494152K) : Executing rule topmetal1_diffprb_Acute
2026-08-31 17:35:26 +0200: Memory Usage (494152K) : Executing rule thickgateox_drw_Acute
2026-08-31 17:35:26 +0200: Memory Usage (494152K) : Executing rule polyres_drw_Acute
2026-08-31 17:35:26 +0200: Memory Usage (494152K) : Executing rule polyres_pin_Acute
2026-08-31 17:35:26 +0200: Memory Usage (494152K) : Executing rule antmetal1_drw_Acute
2026-08-31 17:35:26 +0200: Memory Usage (494152K) : Executing rule thinfilmres_drw_Acute
2026-08-31 17:35:26 +0200: Memory Usage (494152K) : Executing rule lbe_drw_Acute
2026-08-31 17:35:26 +0200: Memory Usage (494152K) : Executing rule prboundary_drw_Acute
2026-08-31 17:35:26 +0200: Memory Usage (494152K) : Executing rule cont_drw_Angle90
2026-08-31 17:35:26 +0200: Memory Usage (496852K) : Executing rule via1_drw_Angle90
2026-08-31 17:35:26 +0200: Memory Usage (496852K) : Executing rule via2_drw_Angle90
2026-08-31 17:35:26 +0200: Memory Usage (496852K) : Executing rule via3_drw_Angle90
2026-08-31 17:35:26 +0200: Memory Usage (496852K) : Executing rule topvia1_drw_Angle90
2026-08-31 17:35:26 +0200: Memory Usage (496852K) : Executing rule gatpoly_drw_Angle45
2026-08-31 17:35:26 +0200: Memory Usage (496852K) : Executing rule activ_drw_Angle45
2026-08-31 17:35:26 +0200: Memory Usage (496852K) : Executing rule metal1_drw_Angle45
2026-08-31 17:35:27 +0200: Memory Usage (496856K) : Executing rule metal2_drw_Angle45
2026-08-31 17:35:27 +0200: Memory Usage (496856K) : Executing rule metal3_drw_Angle45
2026-08-31 17:35:27 +0200: Memory Usage (496856K) : Executing rule metal4_drw_Angle45
2026-08-31 17:35:27 +0200: Memory Usage (496856K) : Executing rule topmetal1_drw_Angle45
2026-08-31 17:35:27 +0200: Memory Usage (496856K) : Starting 3.2. FORBIDDEN table
2026-08-31 17:35:27 +0200: Memory Usage (496856K) : Executing rule forbidden.biwind
2026-08-31 17:35:27 +0200: Memory Usage (496856K) : Executing rule forbidden.pemwind
2026-08-31 17:35:27 +0200: Memory Usage (496856K) : Executing rule forbidden.baspoly
2026-08-31 17:35:27 +0200: Memory Usage (496856K) : Executing rule forbidden.deepco
2026-08-31 17:35:27 +0200: Memory Usage (496856K) : Executing rule forbidden.pempoly
2026-08-31 17:35:27 +0200: Memory Usage (496856K) : Executing rule forbidden.empoly
2026-08-31 17:35:27 +0200: Memory Usage (496856K) : Executing rule forbidden.ldmos
2026-08-31 17:35:27 +0200: Memory Usage (496856K) : Executing rule forbidden.pbiwind
2026-08-31 17:35:27 +0200: Memory Usage (496856K) : Executing rule forbidden.nodrc
2026-08-31 17:35:27 +0200: Memory Usage (496856K) : Executing rule forbidden.flash
2026-08-31 17:35:27 +0200: Memory Usage (496856K) : Executing rule forbidden.colwind
2026-08-31 17:35:27 +0200: Memory Usage (496856K) : Starting 3.2. CMOS5L FORBIDDEN layers check
2026-08-31 17:35:27 +0200: Memory Usage (496856K) : Executing rule CMOS5L.FORB.Metal5
2026-08-31 17:35:27 +0200: Memory Usage (496856K) : Executing rule CMOS5L.FORB.Metal5.filler
2026-08-31 17:35:27 +0200: Memory Usage (496856K) : Executing rule CMOS5L.FORB.Via4
2026-08-31 17:35:27 +0200: Memory Usage (496856K) : Executing rule CMOS5L.FORB.TopMetal2
2026-08-31 17:35:27 +0200: Memory Usage (496856K) : Executing rule CMOS5L.FORB.TopMetal2.filler
2026-08-31 17:35:27 +0200: Memory Usage (496856K) : Executing rule CMOS5L.FORB.TopVia2
2026-08-31 17:35:27 +0200: Memory Usage (496856K) : Executing rule CMOS5L.FORB.TRANS
2026-08-31 17:35:27 +0200: Memory Usage (496856K) : Executing rule CMOS5L.FORB.nBuLay
2026-08-31 17:35:27 +0200: Memory Usage (496856K) : Executing rule CMOS5L.FORB.MIM
2026-08-31 17:35:27 +0200: Memory Usage (496856K) : Executing rule CMOS5L.FORB.Vmim
2026-08-31 17:35:27 +0200: Memory Usage (496856K) : KLayout DRC run for tables 'main' completed in 3.89 seconds
